
rws15@gbb1117-37 MINGW64 ~
$ pwd
/u/

rws15@gbb1117-37 MINGW64 ~
$ cd ../t

rws15@gbb1117-37 MINGW64 /t
$ cd  MIS_407/

rws15@gbb1117-37 MINGW64 /t/MIS_407
$ ls
Class-Notes/  firstprog.py  mis407f19-student-14/

rws15@gbb1117-37 MINGW64 /t/MIS_407
$ cd mis
bash: cd: mis: No such file or directory

rws15@gbb1117-37 MINGW64 /t/MIS_407
$ cd mis407f19-student-14/

rws15@gbb1117-37 MINGW64 /t/MIS_407/mis407f19-student-14 (master)
$ git pull
Already up to date.

rws15@gbb1117-37 MINGW64 /t/MIS_407/mis407f19-student-14 (master)
$ mk Test1
bash: mk: command not found

rws15@gbb1117-37 MINGW64 /t/MIS_407/mis407f19-student-14 (master)
$ git mk Test1
git: 'mk' is not a git command. See 'git --help'.

The most similar command is
        mv

rws15@gbb1117-37 MINGW64 /t/MIS_407/mis407f19-student-14 (master)
$ git --help
usage: git [--version] [--help] [-C <path>] [-c <name>=<value>]
           [--exec-path[=<path>]] [--html-path] [--man-path] [--info-path]
           [-p | --paginate | -P | --no-pager] [--no-replace-objects] [--bare]
           [--git-dir=<path>] [--work-tree=<path>] [--namespace=<name>]
           <command> [<args>]

These are common Git commands used in various situations:

start a working area (see also: git help tutorial)
   clone     Clone a repository into a new directory
   init      Create an empty Git repository or reinitialize an existing one

work on the current change (see also: git help everyday)
   add       Add file contents to the index
   mv        Move or rename a file, a directory, or a symlink
   restore   Restore working tree files
   rm        Remove files from the working tree and from the index

examine the history and state (see also: git help revisions)
   bisect    Use binary search to find the commit that introduced a bug
   diff      Show changes between commits, commit and working tree, etc
   grep      Print lines matching a pattern
   log       Show commit logs
   show      Show various types of objects
   status    Show the working tree status

grow, mark and tweak your common history
   branch    List, create, or delete branches
   commit    Record changes to the repository
   merge     Join two or more development histories together
   rebase    Reapply commits on top of another base tip
   reset     Reset current HEAD to the specified state
   switch    Switch branches
   tag       Create, list, delete or verify a tag object signed with GPG

collaborate (see also: git help workflows)
   fetch     Download objects and refs from another repository
   pull      Fetch from and integrate with another repository or a local branch
   push      Update remote refs along with associated objects

'git help -a' and 'git help -g' list available subcommands and some
concept guides. See 'git help <command>' or 'git help <concept>'
to read about a specific subcommand or concept.
See 'git help git' for an overview of the system.

rws15@gbb1117-37 MINGW64 /t/MIS_407/mis407f19-student-14 (master)
$ mk --help
bash: mk: command not found

rws15@gbb1117-37 MINGW64 /t/MIS_407/mis407f19-student-14 (master)
$ dirmk Test1
bash: dirmk: command not found

rws15@gbb1117-37 MINGW64 /t/MIS_407/mis407f19-student-14 (master)
$ mkdir Test1

rws15@gbb1117-37 MINGW64 /t/MIS_407/mis407f19-student-14 (master)
$ ls
newfile.md  newstuff.txt  README.md  Test1/

rws15@gbb1117-37 MINGW64 /t/MIS_407/mis407f19-student-14 (master)
$ cd Test1/

rws15@gbb1117-37 MINGW64 /t/MIS_407/mis407f19-student-14/Test1 (master)
$ echo "print('Your interest this year on 500 dollar investment at 5%:', 500 * 0.05)" >> test1q1.py

rws15@gbb1117-37 MINGW64 /t/MIS_407/mis407f19-student-14/Test1 (master)
$ python test1q1.py
Your interest this year on 500 dollar investment at 5%: 25.0

rws15@gbb1117-37 MINGW64 /t/MIS_407/mis407f19-student-14/Test1 (master)
$
